[01/Oct/2026 19:12:13] "GET /jobs/status HTTP/1.1" 200 987
[01/Oct/2026 19:12:13] "GET /jobs/status HTTP/1.1" 200 987
[01/Oct/2026 19:12:16] "GET /jobs/status HTTP/1.1" 200 987
[01/Oct/2026 19:12:16] "GET /jobs/status HTTP/1.1" 200 987
[01/Oct/2026 19:12:17] "GET / HTTP/1.1" 200 6839
[01/Oct/2026 19:12:19,557] - Broken pipe from ('127.0.0.1', 57519)
[01/Oct/2026 19:12:19] "GET /jobs/status HTTP/1.1" 200 987
[01/Oct/2026 19:12:23] "GET /jobs/status HTTP/1.1" 200 987
[01/Oct/2026 19:12:23] "GET /jobs/status HTTP/1.1" 200 987
[01/Oct/2026 19:12:23] "GET /jobs/status HTTP/1.1" 200 987
[01/Oct/2026 19:12:26] "GET /jobs/status HTTP/1.1" 200 987
[01/Oct/2026 19:12:27] "GET /jobs/status HTTP/1.1" 200 987
[01/Oct/2026 19:12:27] "GET /jobs/status HTTP/1.1" 200 987
[01/Oct/2026 19:12:27] "GET /jobs/status HTTP/1.1" 200 987
[01/Oct/2026 19:12:31] "GET /jobs/status HTTP/1.1" 200 987
[01/Oct/2026 19:12:31] "GET /jobs/status HTTP/1.1" 200 987
[01/Oct/2026 19:12:31] "GET /jobs/status HTTP/1.1" 200 987
[01/Oct/2026 19:12:31] "GET /jobs/status HTTP/1.1" 200 987
[01/Oct/2026 19:12:33] "GET /jobs/status HTTP/1.1" 200 987
[01/Oct/2026 19:12:35] "GET /jobs/status HTTP/1.1" 200 987
[01/Oct/2026 19:12:35] "GET /jobs/status HTTP/1.1" 200 987
[01/Oct/2026 19:12:35] "GET /jobs/status HTTP/1.1" 200 987
[01/Oct/2026 19:12:38] "GET /jobs/status HTTP/1.1" 200 987
[01/Oct/2026 19:12:39] "GET /jobs/status HTTP/1.1" 200 987
[01/Oct/2026 19:12:39] "GET /jobs/status HTTP/1.1" 200 987
[01/Oct/2026 19:12:42] "GET /jobs/status HTTP/1.1" 200 987
[01/Oct/2026 19:12:42] "GET /jobs/status HTTP/1.1" 200 987
[01/Oct/2026 19:12:44] "GET /jobs/status HTTP/1.1" 200 987
[01/Oct/2026 19:12:46] "GET /jobs/status HTTP/1.1" 200 987
[01/Oct/2026 19:12:46] "GET /jobs/status HTTP/1.1" 200 987
[01/Oct/2026 19:12:48] "GET /jobs/status HTTP/1.1" 200 987
[01/Oct/2026 19:12:50] "GET /jobs/status HTTP/1.1" 200 987
[01/Oct/2026 19:12:50] "GET /jobs/status HTTP/1.1" 200 987
[01/Oct/2026 19:12:52] "GET /jobs/status HTTP/1.1" 200 987
[01/Oct/2026 19:12:53] "GET /jobs/status HTTP/1.1" 200 987
[01/Oct/2026 19:12:53] "GET /jobs/status HTTP/1.1" 200 987
[01/Oct/2026 19:12:57] "GET /jobs/status HTTP/1.1" 200 987
[01/Oct/2026 19:12:57] "GET /jobs/status HTTP/1.1" 200 987
[01/Oct/2026 19:12:57] "GET /jobs/status HTTP/1.1" 200 987
[01/Oct/2026 19:13:00] "GET /jobs/status HTTP/1.1" 200 987
[01/Oct/2026 19:13:01] "GET /jobs/status HTTP/1.1" 200 987
[01/Oct/2026 19:13:01] "GET /jobs/status HTTP/1.1" 200 987
[01/Oct/2026 19:13:04] "GET /jobs/status HTTP/1.1" 200 987
[01/Oct/2026 19:13:04] "GET /jobs/status HTTP/1.1" 200 987
[01/Oct/2026 19:13:07] "GET /jobs/status HTTP/1.1" 200 987
[01/Oct/2026 19:13:07] "GET /jobs/status HTTP/1.1" 200 987
[01/Oct/2026 19:13:08,954] - Broken pipe from ('127.0.0.1', 57532)
[01/Oct/2026 19:13:09] "GET /jobs/status HTTP/1.1" 200 987
[01/Oct/2026 19:13:11] "GET /jobs/status HTTP/1.1" 200 987
[01/Oct/2026 19:13:11,936] - Broken pipe from ('127.0.0.1', 57526)
[01/Oct/2026 19:13:13] "GET /jobs/status HTTP/1.1" 200 987
[01/Oct/2026 19:13:14] "GET /jobs/status HTTP/1.1" 200 987
[01/Oct/2026 19:13:14] "GET / HTTP/1.1" 200 6839
[01/Oct/2026 19:13:15] "GET /jobs/status HTTP/1.1" 200 987
[01/Oct/2026 19:13:16] "GET /jobs/status HTTP/1.1" 200 987
[01/Oct/2026 19:13:17] "GET /jobs/status HTTP/1.1" 200 987
[01/Oct/2026 19:13:19] "GET /jobs/status HTTP/1.1" 200 987
[01/Oct/2026 19:13:20] "GET /jobs/status HTTP/1.1" 200 987
[01/Oct/2026 19:13:21] "GET /jobs/status HTTP/1.1" 200 987
[01/Oct/2026 19:13:23] "GET /jobs/status HTTP/1.1" 200 987
[01/Oct/2026 19:13:24] "GET /jobs/status HTTP/1.1" 200 987
[01/Oct/2026 19:13:24] "GET /jobs/status HTTP/1.1" 200 987
[01/Oct/2026 19:13:27] "GET /jobs/status HTTP/1.1" 200 987
[01/Oct/2026 19:13:27] "GET /jobs/status HTTP/1.1" 200 987
[01/Oct/2026 19:13:27] "GET /jobs/status HTTP/1.1" 200 987
[01/Oct/2026 19:13:28] "GET /jobs/status HTTP/1.1" 200 987
[01/Oct/2026 19:13:31] "GET /jobs/status HTTP/1.1" 200 987
[01/Oct/2026 19:13:31] "GET /jobs/status HTTP/1.1" 200 987
[01/Oct/2026 19:13:32] "GET /jobs/status HTTP/1.1" 200 987
[01/Oct/2026 19:13:32,826] - Broken pipe from ('127.0.0.1', 53964)
[01/Oct/2026 19:13:35] "POST /jobs HTTP/1.1" 302 0
[01/Oct/2026 19:13:35] "GET /jobs/status HTTP/1.1" 200 1083
[01/Oct/2026 19:13:36] "GET /jobs/status HTTP/1.1" 200 1083
[01/Oct/2026 19:13:37] "GET /jobs/status HTTP/1.1" 200 1087
[01/Oct/2026 19:13:40] "GET /jobs/status HTTP/1.1" 200 1108
[01/Oct/2026 19:13:40] "GET / HTTP/1.1" 200 6972
[01/Oct/2026 19:13:43] "GET /jobs/status HTTP/1.1" 200 1108
[01/Oct/2026 19:13:45] "GET /jobs/status HTTP/1.1" 200 1108
[01/Oct/2026 19:13:48] "GET /jobs/status HTTP/1.1" 200 1108
[01/Oct/2026 19:13:51] "GET /jobs/status HTTP/1.1" 200 1108
[01/Oct/2026 19:13:53] "GET /jobs/status HTTP/1.1" 200 1108
[01/Oct/2026 19:13:56,961] - Broken pipe from ('127.0.0.1', 53941)
[01/Oct/2026 19:13:57] "POST /jobs HTTP/1.1" 302 0
[01/Oct/2026 19:13:58] "GET /jobs/status HTTP/1.1" 200 1204
[01/Oct/2026 19:14:02] "GET /jobs/status HTTP/1.1" 200 1208
[01/Oct/2026 19:14:03] "GET / HTTP/1.1" 200 7104
[01/Oct/2026 19:14:05] "GET /jobs/status HTTP/1.1" 200 1228
[01/Oct/2026 19:14:07] "GET /jobs/status HTTP/1.1" 200 1228
[01/Oct/2026 19:14:10] "GET /jobs/status HTTP/1.1" 200 1228
[01/Oct/2026 19:14:12] "GET /jobs/status HTTP/1.1" 200 1228
[01/Oct/2026 19:14:15] "GET /jobs/status HTTP/1.1" 200 1228
[01/Oct/2026 19:14:17] "GET /jobs/status HTTP/1.1" 200 1228
[01/Oct/2026 19:14:20] "GET /jobs/status HTTP/1.1" 200 1228
[01/Oct/2026 19:14:22] "GET /jobs/status HTTP/1.1" 200 1228
[01/Oct/2026 19:14:24] "GET /jobs/status HTTP/1.1" 200 1228
[01/Oct/2026 19:14:27] "GET /jobs/status HTTP/1.1" 200 1228
[01/Oct/2026 19:14:27] "GET /jobs/status HTTP/1.1" 200 1228
[01/Oct/2026 19:14:28] "GET /jobs/status HTTP/1.1" 200 1228
[01/Oct/2026 19:14:30] "GET /jobs/status HTTP/1.1" 200 1228
[01/Oct/2026 19:14:30] "GET /jobs/status HTTP/1.1" 200 1228
[01/Oct/2026 19:14:33] "GET /jobs/status HTTP/1.1" 200 1228
[01/Oct/2026 19:14:35] "GET /jobs/status HTTP/1.1" 200 1228
[01/Oct/2026 19:14:36] "GET /jobs/status HTTP/1.1" 200 1228
[01/Oct/2026 19:14:37] "GET /jobs/status HTTP/1.1" 200 1228
[01/Oct/2026 19:14:39] "GET /jobs/status HTTP/1.1" 200 1228
[01/Oct/2026 19:14:40] "GET /jobs/status HTTP/1.1" 200 1228
[01/Oct/2026 19:14:42] "GET /jobs/status HTTP/1.1" 200 1228
[01/Oct/2026 19:14:43] "GET /jobs/status HTTP/1.1" 200 1228
[01/Oct/2026 19:14:45] "GET /jobs/status HTTP/1.1" 200 1228
[01/Oct/2026 19:14:47,074] - Broken pipe from ('127.0.0.1', 57654)
[01/Oct/2026 19:14:47] "GET /jobs/status HTTP/1.1" 200 1228
[01/Oct/2026 19:14:48] "GET /jobs/status HTTP/1.1" 200 1228
[01/Oct/2026 19:14:50,221] - Broken pipe from ('127.0.0.1', 57643)
[01/Oct/2026 19:14:51] "GET /jobs/status HTTP/1.1" 200 1228
[01/Oct/2026 19:14:53] "GET /jobs/status HTTP/1.1" 200 1228
[01/Oct/2026 19:14:56] "GET /jobs/status HTTP/1.1" 200 1228
[01/Oct/2026 19:14:58] "GET /jobs/status HTTP/1.1" 200 1228
[01/Oct/2026 19:15:00] "GET /jobs/status HTTP/1.1" 200 1228
[01/Oct/2026 19:15:03] "GET /jobs/status HTTP/1.1" 200 1228
[01/Oct/2026 19:15:05] "GET /jobs/status HTTP/1.1" 200 1228
[01/Oct/2026 19:15:07] "GET /jobs/status HTTP/1.1" 200 1228
[01/Oct/2026 19:15:09] "GET /jobs/status HTTP/1.1" 200 1228
[01/Oct/2026 19:15:11] "GET /jobs/status HTTP/1.1" 200 1228
[01/Oct/2026 19:15:14] "GET /jobs/status HTTP/1.1" 200 1228
[01/Oct/2026 19:15:16] "GET /jobs/status HTTP/1.1" 200 1228
[01/Oct/2026 19:15:18] "GET /jobs/status HTTP/1.1" 200 1228
[01/Oct/2026 19:15:20] "GET /jobs/status HTTP/1.1" 200 1228
[01/Oct/2026 19:15:23,820] - Broken pipe from ('127.0.0.1', 53989)
[01/Oct/2026 19:15:24] "POST /jobs HTTP/1.1" 302 0
[01/Oct/2026 19:15:25] "GET /jobs/status HTTP/1.1" 200 1337
[01/Oct/2026 19:15:28] "GET /jobs/status HTTP/1.1" 200 1341
[01/Oct/2026 19:15:30] "GET / HTTP/1.1" 200 7262
[01/Oct/2026 19:15:31] "GET /jobs/status HTTP/1.1" 200 1374
[01/Oct/2026 19:15:34] "GET /jobs/status HTTP/1.1" 200 1374
[01/Oct/2026 19:15:36] "GET /jobs/status HTTP/1.1" 200 1374
[01/Oct/2026 19:15:39] "GET /jobs/status HTTP/1.1" 200 1374
[01/Oct/2026 19:15:41] "GET /jobs/status HTTP/1.1" 200 1374
[01/Oct/2026 19:15:43] "GET /jobs/status HTTP/1.1" 200 1374
[01/Oct/2026 19:15:46] "GET /jobs/status HTTP/1.1" 200 1374
[01/Oct/2026 19:15:48] "GET /jobs/status HTTP/1.1" 200 1374
[01/Oct/2026 19:15:48] "GET /jobs/status HTTP/1.1" 200 1374
[01/Oct/2026 19:15:51] "GET /jobs/status HTTP/1.1" 200 1374
[01/Oct/2026 19:15:53] "GET /jobs/status HTTP/1.1" 200 1374
[01/Oct/2026 19:15:55] "GET /jobs/status HTTP/1.1" 200 1374
[01/Oct/2026 19:15:56] "GET /jobs/status HTTP/1.1" 200 1374
[01/Oct/2026 19:15:56] "GET /jobs/status HTTP/1.1" 200 1374
[01/Oct/2026 19:15:57] "GET /jobs/status HTTP/1.1" 200 1374
[01/Oct/2026 19:16:01] "GET /jobs/status HTTP/1.1" 200 1374
[01/Oct/2026 19:16:03] "GET / HTTP/1.1" 200 7262
[01/Oct/2026 19:16:04] "GET /jobs/status HTTP/1.1" 200 1374
[01/Oct/2026 19:16:07] "GET /jobs/status HTTP/1.1" 200 1374
[01/Oct/2026 19:16:11] "GET /jobs/status HTTP/1.1" 200 1374
[01/Oct/2026 19:16:12] "GET /jobs/status HTTP/1.1" 200 1374
[01/Oct/2026 19:16:15] "GET /jobs/status HTTP/1.1" 200 1374
[01/Oct/2026 19:16:15] "GET /jobs/status HTTP/1.1" 200 1374
[01/Oct/2026 19:16:17] "GET /jobs/status HTTP/1.1" 200 1374
[01/Oct/2026 19:16:18] "GET /jobs/status HTTP/1.1" 200 1374
[01/Oct/2026 19:16:21] "GET /jobs/status HTTP/1.1" 200 1374
[01/Oct/2026 19:16:21] "GET /jobs/status HTTP/1.1" 200 1374
[01/Oct/2026 19:16:24] "GET /jobs/status HTTP/1.1" 200 1374
[01/Oct/2026 19:16:24] "GET /jobs/status HTTP/1.1" 200 1374
[01/Oct/2026 19:16:26] "GET /jobs/status HTTP/1.1" 200 1374
[01/Oct/2026 19:16:27] "GET /jobs/status HTTP/1.1" 200 1374
[01/Oct/2026 19:16:29] "GET /jobs/status HTTP/1.1" 200 1374
[01/Oct/2026 19:16:30] "GET /jobs/status HTTP/1.1" 200 1374
[01/Oct/2026 19:16:32] "GET /jobs/status HTTP/1.1" 200 1374
[01/Oct/2026 19:16:33] "GET /jobs/status HTTP/1.1" 200 1374
[01/Oct/2026 19:16:35] "GET /jobs/status HTTP/1.1" 200 1374
[01/Oct/2026 19:16:36] "GET /jobs/status HTTP/1.1" 200 1374
[01/Oct/2026 19:16:38] "GET /jobs/status HTTP/1.1" 200 1374
[01/Oct/2026 19:16:39] "GET /jobs/status HTTP/1.1" 200 1374
[01/Oct/2026 19:16:42] "GET /jobs/status HTTP/1.1" 200 1374
[01/Oct/2026 19:16:43] "GET /jobs/status HTTP/1.1" 200 1374
[01/Oct/2026 19:16:45] "GET /jobs/status HTTP/1.1" 200 1374
[01/Oct/2026 19:16:46] "GET /jobs/status HTTP/1.1" 200 1374
[01/Oct/2026 19:16:49] "GET /jobs/status HTTP/1.1" 200 1374
[01/Oct/2026 19:16:50] "GET /jobs/status HTTP/1.1" 200 1374
[01/Oct/2026 19:16:52] "GET /jobs/status HTTP/1.1" 200 1374
[01/Oct/2026 19:16:53] "GET /jobs/status HTTP/1.1" 200 1374
[01/Oct/2026 19:16:56] "GET /jobs/status HTTP/1.1" 200 1374
[01/Oct/2026 19:16:57] "GET /jobs/status HTTP/1.1" 200 1374
[01/Oct/2026 19:16:57] "GET /jobs/status HTTP/1.1" 200 1374
[01/Oct/2026 19:17:00] "GET /jobs/status HTTP/1.1" 200 1374
[01/Oct/2026 19:17:00] "GET /jobs/status HTTP/1.1" 200 1374
[01/Oct/2026 19:17:01] "GET /jobs/status HTTP/1.1" 200 1374
[01/Oct/2026 19:17:03] "GET /jobs/status HTTP/1.1" 200 1374
[01/Oct/2026 19:17:04] "GET /jobs/status HTTP/1.1" 200 1374
[01/Oct/2026 19:17:04] "GET /jobs/status HTTP/1.1" 200 1374
[01/Oct/2026 19:17:05] "GET /jobs/status HTTP/1.1" 200 1374
[01/Oct/2026 19:17:07] "GET /jobs/status HTTP/1.1" 200 1374
[01/Oct/2026 19:17:08] "GET /jobs/status HTTP/1.1" 200 1374
[01/Oct/2026 19:17:08] "GET /jobs/status HTTP/1.1" 200 1374
[01/Oct/2026 19:17:09] "GET /jobs/status HTTP/1.1" 200 1374
[01/Oct/2026 19:17:11] "GET /jobs/status HTTP/1.1" 200 1374
[01/Oct/2026 19:17:12] "GET /jobs/status HTTP/1.1" 200 1374
[01/Oct/2026 19:17:12] "GET /jobs/status HTTP/1.1" 200 1374
[01/Oct/2026 19:17:13] "GET /jobs/status HTTP/1.1" 200 1374
[01/Oct/2026 19:17:15] "GET /jobs/status HTTP/1.1" 200 1374
[01/Oct/2026 19:17:16] "GET /jobs/status HTTP/1.1" 200 1374
[01/Oct/2026 19:17:17] "GET /jobs/status HTTP/1.1" 200 1374
[01/Oct/2026 19:17:17] "GET /jobs/status HTTP/1.1" 200 1374
[01/Oct/2026 19:17:17] "GET /jobs/status HTTP/1.1" 200 1374
[01/Oct/2026 19:17:20] "GET /jobs/status HTTP/1.1" 200 1374
[01/Oct/2026 19:17:21] "GET /jobs/status HTTP/1.1" 200 1374
[01/Oct/2026 19:17:21] "GET /jobs/status HTTP/1.1" 200 1374
[01/Oct/2026 19:17:21] "GET /jobs/status HTTP/1.1" 200 1374
[01/Oct/2026 19:17:24] "GET /jobs/status HTTP/1.1" 200 1374
[01/Oct/2026 19:17:25] "GET /jobs/status HTTP/1.1" 200 1374
[01/Oct/2026 19:17:25] "GET /jobs/status HTTP/1.1" 200 1374
[01/Oct/2026 19:17:26] "GET /jobs/status HTTP/1.1" 200 1374
[01/Oct/2026 19:17:28] "GET /jobs/status HTTP/1.1" 200 1374
[01/Oct/2026 19:17:29] "GET /jobs/status HTTP/1.1" 200 1374
[01/Oct/2026 19:17:29] "GET /jobs/status HTTP/1.1" 200 1374
[01/Oct/2026 19:17:29] "GET /jobs/status HTTP/1.1" 200 1374
[01/Oct/2026 19:17:32] "GET /jobs/status HTTP/1.1" 200 1374
[01/Oct/2026 19:17:33] "GET /jobs/status HTTP/1.1" 200 1374
[01/Oct/2026 19:17:35] "GET /jobs/status HTTP/1.1" 200 1374
[01/Oct/2026 19:17:36] "GET /jobs/status HTTP/1.1" 200 1374
[01/Oct/2026 19:17:38] "GET /jobs/status HTTP/1.1" 200 1374
[01/Oct/2026 19:17:40] "GET /jobs/status HTTP/1.1" 200 1374
[01/Oct/2026 19:17:43] "GET /jobs/status HTTP/1.1" 200 1374
[01/Oct/2026 19:17:45] "GET /jobs/status HTTP/1.1" 200 1374
[01/Oct/2026 19:17:46] "GET /jobs/status HTTP/1.1" 200 1374
[01/Oct/2026 19:17:49] "GET /jobs/status HTTP/1.1" 200 1374
[01/Oct/2026 19:17:49] "GET /jobs/status HTTP/1.1" 200 1374
[01/Oct/2026 19:17:51] "GET /jobs/status HTTP/1.1" 200 1374
[01/Oct/2026 19:17:54] "GET /jobs/status HTTP/1.1" 200 1374
[01/Oct/2026 19:17:56] "GET /jobs/status HTTP/1.1" 200 1374
[01/Oct/2026 19:17:58] "GET /jobs/status HTTP/1.1" 200 1374
[01/Oct/2026 19:18:01] "GET /jobs/status HTTP/1.1" 200 1374
[01/Oct/2026 19:18:03] "GET /jobs/status HTTP/1.1" 200 1374
[01/Oct/2026 19:18:06] "GET /jobs/status HTTP/1.1" 200 1374
[01/Oct/2026 19:18:07] "GET /jobs/status HTTP/1.1" 200 1374
[01/Oct/2026 19:18:09] "GET /jobs/status HTTP/1.1" 200 1374
[01/Oct/2026 19:18:12] "GET /jobs/status HTTP/1.1" 200 1374
[01/Oct/2026 19:18:13] "GET /jobs/status HTTP/1.1" 200 1374
[01/Oct/2026 19:18:14] "GET /jobs/status HTTP/1.1" 200 1374
[01/Oct/2026 19:18:16] "GET /jobs/status HTTP/1.1" 200 1374
[01/Oct/2026 19:18:18] "GET /jobs/status HTTP/1.1" 200 1374
[01/Oct/2026 19:18:21] "GET /jobs/status HTTP/1.1" 200 1374
[01/Oct/2026 19:18:23] "GET /jobs/status HTTP/1.1" 200 1374
[01/Oct/2026 19:18:24] "GET /jobs/status HTTP/1.1" 200 1374
[01/Oct/2026 19:18:26] "GET /jobs/status HTTP/1.1" 200 1374
[01/Oct/2026 19:18:27] "GET /jobs/status HTTP/1.1" 200 1374
[01/Oct/2026 19:18:29] "GET /jobs/status HTTP/1.1" 200 1374
[01/Oct/2026 19:18:31] "GET /jobs/status HTTP/1.1" 200 1374
[01/Oct/2026 19:18:33] "GET /jobs/status HTTP/1.1" 200 1374
[01/Oct/2026 19:18:36] "GET /jobs/status HTTP/1.1" 200 1374
[01/Oct/2026 19:18:37] "GET /jobs/status HTTP/1.1" 200 1374
[01/Oct/2026 19:18:39] "GET /jobs/status HTTP/1.1" 200 1374
[01/Oct/2026 19:18:41] "GET /jobs/status HTTP/1.1" 200 1374
[01/Oct/2026 19:18:43] "GET /jobs/status HTTP/1.1" 200 1374
[01/Oct/2026 19:18:46] "GET /jobs/status HTTP/1.1" 200 1374
[01/Oct/2026 19:18:49] "GET /jobs/status HTTP/1.1" 200 1374
[01/Oct/2026 19:18:49] "GET /jobs/status HTTP/1.1" 200 1374
[01/Oct/2026 19:18:51] "GET /jobs/status HTTP/1.1" 200 1374
[01/Oct/2026 19:18:54] "GET /jobs/status HTTP/1.1" 200 1374
[01/Oct/2026 19:18:55] "GET /jobs/status HTTP/1.1" 200 1374
[01/Oct/2026 19:18:57] "GET /jobs/status HTTP/1.1" 200 1374
[01/Oct/2026 19:19:00] "GET /jobs/status HTTP/1.1" 200 1374
[01/Oct/2026 19:19:03] "GET /jobs/status HTTP/1.1" 200 1374
[01/Oct/2026 19:19:03] "GET /jobs/status HTTP/1.1" 200 1374
[01/Oct/2026 19:19:05] "GET /jobs/status HTTP/1.1" 200 1374
[01/Oct/2026 19:19:08] "GET /jobs/status HTTP/1.1" 200 1374
[01/Oct/2026 19:19:10] "GET /jobs/status HTTP/1.1" 200 1374
[01/Oct/2026 19:19:12] "GET /jobs/status HTTP/1.1" 200 1374
[01/Oct/2026 19:19:14] "GET /jobs/status HTTP/1.1" 200 1374
[01/Oct/2026 19:19:17] "GET /jobs/status HTTP/1.1" 200 1374
[01/Oct/2026 19:19:19] "GET /jobs/status HTTP/1.1" 200 1374
[01/Oct/2026 19:19:21] "GET /jobs/status HTTP/1.1" 200 1374
[01/Oct/2026 19:19:24] "GET /jobs/status HTTP/1.1" 200 1374
[01/Oct/2026 19:19:26] "GET /jobs/status HTTP/1.1" 200 1374
[01/Oct/2026 19:19:26] "GET /jobs/status HTTP/1.1" 200 1374
[01/Oct/2026 19:19:29] "GET /jobs/status HTTP/1.1" 200 1374
[01/Oct/2026 19:19:31] "GET /jobs/status HTTP/1.1" 200 1374
[01/Oct/2026 19:19:33] "GET /jobs/status HTTP/1.1" 200 1374
[01/Oct/2026 19:19:35] "GET /jobs/status HTTP/1.1" 200 1374
[01/Oct/2026 19:19:37] "GET /jobs/status HTTP/1.1" 200 1374
[01/Oct/2026 19:19:40] "GET /jobs/status HTTP/1.1" 200 1374
[01/Oct/2026 19:19:43] "GET /jobs/status HTTP/1.1" 200 1374
[01/Oct/2026 19:19:45] "GET /jobs/status HTTP/1.1" 200 1374
[01/Oct/2026 19:19:46] "GET /jobs/status HTTP/1.1" 200 1374
[01/Oct/2026 19:19:49] "GET /jobs/status HTTP/1.1" 200 1374
[01/Oct/2026 19:19:52] "GET /jobs/status HTTP/1.1" 200 1374
[01/Oct/2026 19:19:56] "GET /jobs/status HTTP/1.1" 200 1374
[01/Oct/2026 19:19:57] "GET /jobs/status HTTP/1.1" 200 1374
[01/Oct/2026 19:20:00] "GET /jobs/status HTTP/1.1" 200 1374
[01/Oct/2026 19:20:01] "GET /jobs/status HTTP/1.1" 200 1374
[01/Oct/2026 19:20:04] "GET /jobs/status HTTP/1.1" 200 1374
[01/Oct/2026 19:20:04] "GET /jobs/status HTTP/1.1" 200 1374
[01/Oct/2026 19:20:07] "GET /jobs/status HTTP/1.1" 200 1374
[01/Oct/2026 19:20:09] "GET /jobs/status HTTP/1.1" 200 1374
[01/Oct/2026 19:20:10] "GET /jobs/status HTTP/1.1" 200 1374
[01/Oct/2026 19:20:13] "GET /jobs/status HTTP/1.1" 200 1374
[01/Oct/2026 19:20:14] "GET /jobs/status HTTP/1.1" 200 1374
[01/Oct/2026 19:20:18] "GET /jobs/status HTTP/1.1" 200 1374
[01/Oct/2026 19:20:18] "GET /jobs/status HTTP/1.1" 200 1374
[01/Oct/2026 19:20:22] "GET /jobs/status HTTP/1.1" 200 1374
[01/Oct/2026 19:20:22] "GET /jobs/status HTTP/1.1" 200 1374
[01/Oct/2026 19:20:26] "GET /jobs/status HTTP/1.1" 200 1374
[01/Oct/2026 19:20:27] "GET /jobs/status HTTP/1.1" 200 1374
[01/Oct/2026 19:20:28] "GET /jobs/status HTTP/1.1" 200 1374
[01/Oct/2026 19:20:30] "GET /jobs/status HTTP/1.1" 200 1374
[01/Oct/2026 19:20:31] "GET /jobs/status HTTP/1.1" 200 1374
[01/Oct/2026 19:20:34] "GET /jobs/status HTTP/1.1" 200 1374
[01/Oct/2026 19:20:35] "GET /jobs/status HTTP/1.1" 200 1374
[01/Oct/2026 19:20:38] "GET /jobs/status HTTP/1.1" 200 1374
[01/Oct/2026 19:20:39] "GET /jobs/status HTTP/1.1" 200 1374
[01/Oct/2026 19:20:40] "GET /jobs/status HTTP/1.1" 200 1374
[01/Oct/2026 19:20:42] "GET /jobs/status HTTP/1.1" 200 1374
[01/Oct/2026 19:20:46] "GET /jobs/status HTTP/1.1" 200 1374
[01/Oct/2026 19:20:47] "GET /jobs/status HTTP/1.1" 200 1374
[01/Oct/2026 19:20:52] "GET /jobs/status HTTP/1.1" 200 1374
[01/Oct/2026 19:20:52] "GET /jobs/status HTTP/1.1" 200 1374
[01/Oct/2026 19:20:53] "GET /jobs/status HTTP/1.1" 200 1374
[01/Oct/2026 19:20:57] "GET /jobs/status HTTP/1.1" 200 1374
[01/Oct/2026 19:20:57] "GET /jobs/status HTTP/1.1" 200 1374
[01/Oct/2026 19:21:00] "GET /jobs/status HTTP/1.1" 200 1374
[01/Oct/2026 19:21:02] "GET /jobs/status HTTP/1.1" 200 1374
[01/Oct/2026 19:21:04] "GET /jobs/status HTTP/1.1" 200 1374
[01/Oct/2026 19:21:04] "GET /jobs/status HTTP/1.1" 200 1374
[01/Oct/2026 19:21:07] "GET /jobs/status HTTP/1.1" 200 1374
[01/Oct/2026 19:21:10] "GET /jobs/status HTTP/1.1" 200 1374
[01/Oct/2026 19:21:10] "GET /jobs/status HTTP/1.1" 200 1374
[01/Oct/2026 19:21:13] "GET /jobs/status HTTP/1.1" 200 1374
[01/Oct/2026 19:21:17] "GET /jobs/status HTTP/1.1" 200 1374
[01/Oct/2026 19:21:20] "GET /jobs/status HTTP/1.1" 200 1374
[01/Oct/2026 19:21:24] "GET /jobs/status HTTP/1.1" 200 1374
[01/Oct/2026 19:21:27] "GET /jobs/status HTTP/1.1" 200 1374
[01/Oct/2026 19:21:27] "GET /jobs/status HTTP/1.1" 200 1374
[01/Oct/2026 19:21:28] "GET /jobs/status HTTP/1.1" 200 1374
[01/Oct/2026 19:21:31] "GET /jobs/status HTTP/1.1" 200 1374
[01/Oct/2026 19:21:31] "GET /jobs/status HTTP/1.1" 200 1374
[01/Oct/2026 19:21:34] "GET /jobs/status HTTP/1.1" 200 1374
[01/Oct/2026 19:21:35] "GET /jobs/status HTTP/1.1" 200 1374
[01/Oct/2026 19:21:37] "GET /jobs/status HTTP/1.1" 200 1374
[01/Oct/2026 19:21:40] "GET /jobs/status HTTP/1.1" 200 1374
[01/Oct/2026 19:21:43] "GET /jobs/status HTTP/1.1" 200 1374
[01/Oct/2026 19:21:43] "GET /jobs/status HTTP/1.1" 200 1374
[01/Oct/2026 19:21:46] "GET /jobs/status HTTP/1.1" 200 1374
[01/Oct/2026 19:21:50] "GET /jobs/status HTTP/1.1" 200 1374
[01/Oct/2026 19:21:51] "GET /jobs/status HTTP/1.1" 200 1374
[01/Oct/2026 19:21:54] "GET /jobs/status HTTP/1.1" 200 1374
[01/Oct/2026 19:21:55] "GET /jobs/status HTTP/1.1" 200 1374
[01/Oct/2026 19:21:57] "GET /jobs/status HTTP/1.1" 200 1374
[01/Oct/2026 19:21:58] "GET /jobs/status HTTP/1.1" 200 1374
[01/Oct/2026 19:22:01] "GET /jobs/status HTTP/1.1" 200 1374
[01/Oct/2026 19:22:02] "GET /jobs/status HTTP/1.1" 200 1374
[01/Oct/2026 19:22:05] "GET /jobs/status HTTP/1.1" 200 1374
[01/Oct/2026 19:22:05] "GET /jobs/status HTTP/1.1" 200 1374
[01/Oct/2026 19:22:08] "GET /jobs/status HTTP/1.1" 200 1374
[01/Oct/2026 19:22:11] "GET /jobs/status HTTP/1.1" 200 1374
[01/Oct/2026 19:22:11] "GET /jobs/status HTTP/1.1" 200 1374
[01/Oct/2026 19:22:15] "GET /jobs/status HTTP/1.1" 200 1374
[01/Oct/2026 19:22:16] "GET /jobs/status HTTP/1.1" 200 1374
[01/Oct/2026 19:22:19] "GET /jobs/status HTTP/1.1" 200 1374
[01/Oct/2026 19:22:22] "GET /jobs/status HTTP/1.1" 200 1374
[01/Oct/2026 19:22:23] "GET /health/live HTTP/1.1" 200 5
[01/Oct/2026 19:22:23] "GET /jobs/status HTTP/1.1" 200 1374
[01/Oct/2026 19:22:25] "GET /jobs/status HTTP/1.1" 200 1374
[01/Oct/2026 19:22:26] "GET /jobs/status HTTP/1.1" 200 1374
[01/Oct/2026 19:22:27] "GET /jobs/status HTTP/1.1" 200 1374
[01/Oct/2026 19:22:29] "GET /jobs/status HTTP/1.1" 200 1374
[01/Oct/2026 19:22:31] "GET /jobs/status HTTP/1.1" 200 1374
[01/Oct/2026 19:22:35] "GET /jobs/status HTTP/1.1" 200 1374
[01/Oct/2026 19:22:37] "GET / HTTP/1.1" 200 7262
[01/Oct/2026 19:22:38] "GET /jobs/status HTTP/1.1" 200 1374
[01/Oct/2026 19:22:41] "GET /jobs/status HTTP/1.1" 200 1374
[01/Oct/2026 19:22:44] "GET /jobs/status HTTP/1.1" 200 1374
[01/Oct/2026 19:22:47] "GET /jobs/status HTTP/1.1" 200 1374
[01/Oct/2026 19:22:50] "GET /jobs/status HTTP/1.1" 200 1476
[01/Oct/2026 19:22:50] "GET /jobs/status HTTP/1.1" 200 1476
[01/Oct/2026 19:22:55] "GET /jobs/status HTTP/1.1" 200 1498
[01/Oct/2026 19:22:58] "GET /jobs/status HTTP/1.1" 200 1498
[01/Oct/2026 19:22:59] "GET /jobs/status HTTP/1.1" 200 1498
[01/Oct/2026 19:23:00] "GET /jobs/status HTTP/1.1" 200 1498
[01/Oct/2026 19:23:02] "GET /jobs/status HTTP/1.1" 200 1498
[01/Oct/2026 19:23:02] "GET /jobs/status HTTP/1.1" 200 1498
[01/Oct/2026 19:23:05] "GET /jobs/status HTTP/1.1" 200 1498
[01/Oct/2026 19:23:07] "GET /jobs/status HTTP/1.1" 200 1498
[01/Oct/2026 19:23:10] "GET /jobs/status HTTP/1.1" 200 1498
[01/Oct/2026 19:23:10] "GET /jobs/status HTTP/1.1" 200 1498
[01/Oct/2026 19:23:12] "GET /jobs/status HTTP/1.1" 200 1498
[01/Oct/2026 19:23:13] "GET /jobs/status HTTP/1.1" 200 1498
[01/Oct/2026 19:23:16] "GET /jobs/status HTTP/1.1" 200 1498
[01/Oct/2026 19:23:17] "GET /jobs/status HTTP/1.1" 200 1498
[01/Oct/2026 19:23:21] "GET /jobs/status HTTP/1.1" 200 1498
[01/Oct/2026 19:23:24] "GET /jobs/status HTTP/1.1" 200 1498
[01/Oct/2026 19:23:25] "GET /jobs/status HTTP/1.1" 200 1498
[01/Oct/2026 19:23:27] "GET /jobs/status HTTP/1.1" 200 1498
[01/Oct/2026 19:23:28] "GET /jobs/status HTTP/1.1" 200 1498
[01/Oct/2026 19:23:30] "GET /jobs/status HTTP/1.1" 200 1498
[01/Oct/2026 19:23:32] "GET /jobs/status HTTP/1.1" 200 1498
[01/Oct/2026 19:23:34] "GET /jobs/status HTTP/1.1" 200 1498
[01/Oct/2026 19:23:34] "GET / HTTP/1.1" 200 7496
[01/Oct/2026 19:23:35] "GET /jobs/status HTTP/1.1" 200 1498
[01/Oct/2026 19:23:39,270] - Broken pipe from ('127.0.0.1', 54489)
[01/Oct/2026 19:23:39,528] - Broken pipe from ('127.0.0.1', 54020)
[01/Oct/2026 19:23:41] "GET /jobs/status HTTP/1.1" 200 1498
[01/Oct/2026 19:23:43] "GET /jobs/status HTTP/1.1" 200 1498
[01/Oct/2026 19:23:43] "GET / HTTP/1.1" 200 7496
[01/Oct/2026 19:23:44] "GET /jobs/status HTTP/1.1" 200 1498
[01/Oct/2026 19:23:46] "GET /jobs/status HTTP/1.1" 200 1498
[01/Oct/2026 19:23:48] "GET /jobs/status HTTP/1.1" 200 1498
[01/Oct/2026 19:23:51] "GET /jobs/status HTTP/1.1" 200 1498
[01/Oct/2026 19:23:54] "GET /jobs/status HTTP/1.1" 200 1498
[01/Oct/2026 19:23:55] "GET /jobs/status HTTP/1.1" 200 1498
[01/Oct/2026 19:23:58] "GET /jobs/status HTTP/1.1" 200 1498
[01/Oct/2026 19:23:59] "GET /jobs/status HTTP/1.1" 200 1498
[01/Oct/2026 19:24:01] "GET /jobs/status HTTP/1.1" 200 1498
[01/Oct/2026 19:24:03] "GET /jobs/status HTTP/1.1" 200 1498
[01/Oct/2026 19:24:05] "GET /jobs/status HTTP/1.1" 200 1498
[01/Oct/2026 19:24:06] "GET /jobs/status HTTP/1.1" 200 1498
[01/Oct/2026 19:24:08] "GET /jobs/status HTTP/1.1" 200 1498
[01/Oct/2026 19:24:09] "GET /jobs/status HTTP/1.1" 200 1498
[01/Oct/2026 19:24:11] "GET /jobs/status HTTP/1.1" 200 1498
[01/Oct/2026 19:24:12] "GET /jobs/status HTTP/1.1" 200 1498
[01/Oct/2026 19:24:14] "GET /jobs/status HTTP/1.1" 200 1498
[01/Oct/2026 19:24:16] "GET /jobs/status HTTP/1.1" 200 1498
[01/Oct/2026 19:24:18] "GET /jobs/status HTTP/1.1" 200 1498
[01/Oct/2026 19:24:20] "GET /jobs/status HTTP/1.1" 200 1498
[01/Oct/2026 19:24:22] "GET /jobs/status HTTP/1.1" 200 1498
[01/Oct/2026 19:24:24] "GET /jobs/status HTTP/1.1" 200 1498
[01/Oct/2026 19:24:24] "GET /jobs/status HTTP/1.1" 200 1498
[01/Oct/2026 19:24:25] "GET /jobs/status HTTP/1.1" 200 1498
[01/Oct/2026 19:24:28] "GET /jobs/status HTTP/1.1" 200 1498
[01/Oct/2026 19:24:29] "GET /jobs/status HTTP/1.1" 200 1498
[01/Oct/2026 19:24:29] "GET /jobs/status HTTP/1.1" 200 1498
[01/Oct/2026 19:24:30] "GET /jobs/status HTTP/1.1" 200 1498
[01/Oct/2026 19:24:32] "GET /jobs/status HTTP/1.1" 200 1498
[01/Oct/2026 19:24:33] "GET /jobs/status HTTP/1.1" 200 1498
[01/Oct/2026 19:24:34] "GET /jobs/status HTTP/1.1" 200 1498
[01/Oct/2026 19:24:34] "GET /jobs/status HTTP/1.1" 200 1498
[01/Oct/2026 19:24:35] "GET /jobs/status HTTP/1.1" 200 1498
[01/Oct/2026 19:24:37] "GET /jobs/status HTTP/1.1" 200 1498
[01/Oct/2026 19:24:37] "GET /jobs/status HTTP/1.1" 200 1498
[01/Oct/2026 19:24:38] "GET /jobs/status HTTP/1.1" 200 1498
[01/Oct/2026 19:24:39] "GET /jobs/status HTTP/1.1" 200 1498
[01/Oct/2026 19:24:41] "GET /jobs/status HTTP/1.1" 200 1498
[01/Oct/2026 19:24:42] "GET /jobs/status HTTP/1.1" 200 1498
[01/Oct/2026 19:24:42] "GET /jobs/status HTTP/1.1" 200 1498
[01/Oct/2026 19:24:43] "GET /jobs/status HTTP/1.1" 200 1498
[01/Oct/2026 19:24:46] "GET /jobs/status HTTP/1.1" 200 1498
[01/Oct/2026 19:24:47] "GET /jobs/status HTTP/1.1" 200 1498
[01/Oct/2026 19:24:48] "GET /jobs/status HTTP/1.1" 200 1498
[01/Oct/2026 19:24:52] "GET /jobs/status HTTP/1.1" 200 1498
[01/Oct/2026 19:24:52] "GET /jobs/status HTTP/1.1" 200 1498
[01/Oct/2026 19:24:52] "GET /jobs/status HTTP/1.1" 200 1498
[01/Oct/2026 19:24:55] "GET /jobs/status HTTP/1.1" 200 1498
[01/Oct/2026 19:24:57] "GET /jobs/status HTTP/1.1" 200 1498
Could not refresh job statuses
Traceback (most recent call last):
  File "C:\Users\Lenovo\OneDrive\Desktop\Ramesh Javali\CICD end to end\.venv\Lib\site-packages\httpx\_transports\default.py", line 101, in map_httpcore_exceptions
    yield
  File "C:\Users\Lenovo\OneDrive\Desktop\Ramesh Javali\CICD end to end\.venv\Lib\site-packages\httpx\_transports\default.py", line 250, in handle_request
    resp = self._pool.handle_request(req)
  File "C:\Users\Lenovo\OneDrive\Desktop\Ramesh Javali\CICD end to end\.venv\Lib\site-packages\httpcore\_sync\connection_pool.py", line 256, in handle_request
    raise exc from None
  File "C:\Users\Lenovo\OneDrive\Desktop\Ramesh Javali\CICD end to end\.venv\Lib\site-packages\httpcore\_sync\connection_pool.py", line 236, in handle_request
    response = connection.handle_request(
        pool_request.request
    )
  File "C:\Users\Lenovo\OneDrive\Desktop\Ramesh Javali\CICD end to end\.venv\Lib\site-packages\httpcore\_sync\connection.py", line 103, in handle_request
    return self._connection.handle_request(request)
           ~~~~~~~~~~~~~~~~~~~~~~~~~~~~~~~^^^^^^^^^
  File "C:\Users\Lenovo\OneDrive\Desktop\Ramesh Javali\CICD end to end\.venv\Lib\site-packages\httpcore\_sync\http11.py", line 136, in handle_request
    raise exc
  File "C:\Users\Lenovo\OneDrive\Desktop\Ramesh Javali\CICD end to end\.venv\Lib\site-packages\httpcore\_sync\http11.py", line 106, in handle_request
    ) = self._receive_response_headers(**kwargs)
        ~~~~~~~~~~~~~~~~~~~~~~~~~~~~~~^^^^^^^^^^
  File "C:\Users\Lenovo\OneDrive\Desktop\Ramesh Javali\CICD end to end\.venv\Lib\site-packages\httpcore\_sync\http11.py", line 177, in _receive_response_headers
    event = self._receive_event(timeout=timeout)
  File "C:\Users\Lenovo\OneDrive\Desktop\Ramesh Javali\CICD end to end\.venv\Lib\site-packages\httpcore\_sync\http11.py", line 217, in _receive_event
    data = self._network_stream.read(
        self.READ_NUM_BYTES, timeout=timeout
    )
  File "C:\Users\Lenovo\OneDrive\Desktop\Ramesh Javali\CICD end to end\.venv\Lib\site-packages\httpcore\_backends\sync.py", line 126, in read
    with map_exceptions(exc_map):
         ~~~~~~~~~~~~~~^^^^^^^^^
  File "C:\Users\Lenovo\AppData\Local\Programs\Python\Python314\Lib\contextlib.py", line 162, in __exit__
    self.gen.throw(value)
    ~~~~~~~~~~~~~~^^^^^^^
  File "C:\Users\Lenovo\OneDrive\Desktop\Ramesh Javali\CICD end to end\.venv\Lib\site-packages\httpcore\_exceptions.py", line 14, in map_exceptions
    raise to_exc(exc) from exc
httpcore.ReadTimeout: timed out

The above exception was the direct cause of the following exception:

Traceback (most recent call last):
  File "C:\Users\Lenovo\OneDrive\Desktop\Ramesh Javali\CICD end to end\src\fleetops\services\web\views.py", line 38, in job_status
    response = httpx.get(
        f"{settings.BFF_BASE_URL}/jobs",
        timeout=8.0,
        trust_env=False,
    )
  File "C:\Users\Lenovo\OneDrive\Desktop\Ramesh Javali\CICD end to end\.venv\Lib\site-packages\httpx\_api.py", line 195, in get
    return request(
        "GET",
    ...<9 lines>...
        trust_env=trust_env,
    )
  File "C:\Users\Lenovo\OneDrive\Desktop\Ramesh Javali\CICD end to end\.venv\Lib\site-packages\httpx\_api.py", line 109, in request
    return client.request(
           ~~~~~~~~~~~~~~^
        method=method,
        ^^^^^^^^^^^^^^
    ...<8 lines>...
        follow_redirects=follow_redirects,
        ^^^^^^^^^^^^^^^^^^^^^^^^^^^^^^^^^^
    )
    ^
  File "C:\Users\Lenovo\OneDrive\Desktop\Ramesh Javali\CICD end to end\.venv\Lib\site-packages\httpx\_client.py", line 825, in request
    return self.send(request, auth=auth, follow_redirects=follow_redirects)
           ~~~~~~~~~^^^^^^^^^^^^^^^^^^^^^^^^^^^^^^^^^^^^^^^^^^^^^^^^^^^^^^^
  File "C:\Users\Lenovo\OneDrive\Desktop\Ramesh Javali\CICD end to end\.venv\Lib\site-packages\httpx\_client.py", line 914, in send
    response = self._send_handling_auth(
        request,
    ...<2 lines>...
        history=[],
    )
  File "C:\Users\Lenovo\OneDrive\Desktop\Ramesh Javali\CICD end to end\.venv\Lib\site-packages\httpx\_client.py", line 942, in _send_handling_auth
    response = self._send_handling_redirects(
        request,
        follow_redirects=follow_redirects,
        history=history,
    )
  File "C:\Users\Lenovo\OneDrive\Desktop\Ramesh Javali\CICD end to end\.venv\Lib\site-packages\httpx\_client.py", line 979, in _send_handling_redirects
    response = self._send_single_request(request)
  File "C:\Users\Lenovo\OneDrive\Desktop\Ramesh Javali\CICD end to end\.venv\Lib\site-packages\httpx\_client.py", line 1014, in _send_single_request
    response = transport.handle_request(request)
  File "C:\Users\Lenovo\OneDrive\Desktop\Ramesh Javali\CICD end to end\.venv\Lib\site-packages\httpx\_transports\default.py", line 249, in handle_request
    with map_httpcore_exceptions():
         ~~~~~~~~~~~~~~~~~~~~~~~^^
  File "C:\Users\Lenovo\AppData\Local\Programs\Python\Python314\Lib\contextlib.py", line 162, in __exit__
    self.gen.throw(value)
    ~~~~~~~~~~~~~~^^^^^^^
  File "C:\Users\Lenovo\OneDrive\Desktop\Ramesh Javali\CICD end to end\.venv\Lib\site-packages\httpx\_transports\default.py", line 118, in map_httpcore_exceptions
    raise mapped_exc(message) from exc
httpx.ReadTimeout: timed out
[01/Oct/2026 19:24:57] "GET /jobs/status HTTP/1.1" 200 1498
[01/Oct/2026 19:24:57] "GET /jobs/status HTTP/1.1" 503 32
Could not refresh job statuses
Traceback (most recent call last):
  File "C:\Users\Lenovo\OneDrive\Desktop\Ramesh Javali\CICD end to end\.venv\Lib\site-packages\httpx\_transports\default.py", line 101, in map_httpcore_exceptions
    yield
  File "C:\Users\Lenovo\OneDrive\Desktop\Ramesh Javali\CICD end to end\.venv\Lib\site-packages\httpx\_transports\default.py", line 250, in handle_request
    resp = self._pool.handle_request(req)
  File "C:\Users\Lenovo\OneDrive\Desktop\Ramesh Javali\CICD end to end\.venv\Lib\site-packages\httpcore\_sync\connection_pool.py", line 256, in handle_request
    raise exc from None
  File "C:\Users\Lenovo\OneDrive\Desktop\Ramesh Javali\CICD end to end\.venv\Lib\site-packages\httpcore\_sync\connection_pool.py", line 236, in handle_request
    response = connection.handle_request(
        pool_request.request
    )
  File "C:\Users\Lenovo\OneDrive\Desktop\Ramesh Javali\CICD end to end\.venv\Lib\site-packages\httpcore\_sync\connection.py", line 103, in handle_request
    return self._connection.handle_request(request)
           ~~~~~~~~~~~~~~~~~~~~~~~~~~~~~~~^^^^^^^^^
  File "C:\Users\Lenovo\OneDrive\Desktop\Ramesh Javali\CICD end to end\.venv\Lib\site-packages\httpcore\_sync\http11.py", line 136, in handle_request
    raise exc
  File "C:\Users\Lenovo\OneDrive\Desktop\Ramesh Javali\CICD end to end\.venv\Lib\site-packages\httpcore\_sync\http11.py", line 106, in handle_request
    ) = self._receive_response_headers(**kwargs)
        ~~~~~~~~~~~~~~~~~~~~~~~~~~~~~~^^^^^^^^^^
  File "C:\Users\Lenovo\OneDrive\Desktop\Ramesh Javali\CICD end to end\.venv\Lib\site-packages\httpcore\_sync\http11.py", line 177, in _receive_response_headers
    event = self._receive_event(timeout=timeout)
  File "C:\Users\Lenovo\OneDrive\Desktop\Ramesh Javali\CICD end to end\.venv\Lib\site-packages\httpcore\_sync\http11.py", line 217, in _receive_event
    data = self._network_stream.read(
        self.READ_NUM_BYTES, timeout=timeout
    )
  File "C:\Users\Lenovo\OneDrive\Desktop\Ramesh Javali\CICD end to end\.venv\Lib\site-packages\httpcore\_backends\sync.py", line 126, in read
    with map_exceptions(exc_map):
         ~~~~~~~~~~~~~~^^^^^^^^^
  File "C:\Users\Lenovo\AppData\Local\Programs\Python\Python314\Lib\contextlib.py", line 162, in __exit__
    self.gen.throw(value)
    ~~~~~~~~~~~~~~^^^^^^^
  File "C:\Users\Lenovo\OneDrive\Desktop\Ramesh Javali\CICD end to end\.venv\Lib\site-packages\httpcore\_exceptions.py", line 14, in map_exceptions
    raise to_exc(exc) from exc
httpcore.ReadTimeout: timed out

The above exception was the direct cause of the following exception:

Traceback (most recent call last):
  File "C:\Users\Lenovo\OneDrive\Desktop\Ramesh Javali\CICD end to end\src\fleetops\services\web\views.py", line 38, in job_status
    response = httpx.get(
        f"{settings.BFF_BASE_URL}/jobs",
        timeout=8.0,
        trust_env=False,
    )
  File "C:\Users\Lenovo\OneDrive\Desktop\Ramesh Javali\CICD end to end\.venv\Lib\site-packages\httpx\_api.py", line 195, in get
    return request(
        "GET",
    ...<9 lines>...
        trust_env=trust_env,
    )
  File "C:\Users\Lenovo\OneDrive\Desktop\Ramesh Javali\CICD end to end\.venv\Lib\site-packages\httpx\_api.py", line 109, in request
    return client.request(
           ~~~~~~~~~~~~~~^
        method=method,
        ^^^^^^^^^^^^^^
    ...<8 lines>...
        follow_redirects=follow_redirects,
        ^^^^^^^^^^^^^^^^^^^^^^^^^^^^^^^^^^
    )
    ^
  File "C:\Users\Lenovo\OneDrive\Desktop\Ramesh Javali\CICD end to end\.venv\Lib\site-packages\httpx\_client.py", line 825, in request
    return self.send(request, auth=auth, follow_redirects=follow_redirects)
           ~~~~~~~~~^^^^^^^^^^^^^^^^^^^^^^^^^^^^^^^^^^^^^^^^^^^^^^^^^^^^^^^
  File "C:\Users\Lenovo\OneDrive\Desktop\Ramesh Javali\CICD end to end\.venv\Lib\site-packages\httpx\_client.py", line 914, in send
    response = self._send_handling_auth(
        request,
    ...<2 lines>...
        history=[],
    )
  File "C:\Users\Lenovo\OneDrive\Desktop\Ramesh Javali\CICD end to end\.venv\Lib\site-packages\httpx\_client.py", line 942, in _send_handling_auth
    response = self._send_handling_redirects(
        request,
        follow_redirects=follow_redirects,
        history=history,
    )
  File "C:\Users\Lenovo\OneDrive\Desktop\Ramesh Javali\CICD end to end\.venv\Lib\site-packages\httpx\_client.py", line 979, in _send_handling_redirects
    response = self._send_single_request(request)
  File "C:\Users\Lenovo\OneDrive\Desktop\Ramesh Javali\CICD end to end\.venv\Lib\site-packages\httpx\_client.py", line 1014, in _send_single_request
    response = transport.handle_request(request)
  File "C:\Users\Lenovo\OneDrive\Desktop\Ramesh Javali\CICD end to end\.venv\Lib\site-packages\httpx\_transports\default.py", line 249, in handle_request
    with map_httpcore_exceptions():
         ~~~~~~~~~~~~~~~~~~~~~~~^^
  File "C:\Users\Lenovo\AppData\Local\Programs\Python\Python314\Lib\contextlib.py", line 162, in __exit__
    self.gen.throw(value)
    ~~~~~~~~~~~~~~^^^^^^^
  File "C:\Users\Lenovo\OneDrive\Desktop\Ramesh Javali\CICD end to end\.venv\Lib\site-packages\httpx\_transports\default.py", line 118, in map_httpcore_exceptions
    raise mapped_exc(message) from exc
httpx.ReadTimeout: timed out
[01/Oct/2026 19:24:59] "GET /jobs/status HTTP/1.1" 503 32
[01/Oct/2026 19:25:00] "GET /jobs/status HTTP/1.1" 200 1498
[01/Oct/2026 19:25:03] "GET /jobs/status HTTP/1.1" 200 1498
[01/Oct/2026 19:25:03] "GET /jobs/status HTTP/1.1" 200 1498
[01/Oct/2026 19:25:04] "GET /jobs/status HTTP/1.1" 200 1498
[01/Oct/2026 19:25:04] "GET /jobs/status HTTP/1.1" 200 1498
[01/Oct/2026 19:25:05] "GET /jobs/status HTTP/1.1" 200 1498
[01/Oct/2026 19:25:06] "GET /jobs/status HTTP/1.1" 200 1498
[01/Oct/2026 19:25:06] "GET /jobs/status HTTP/1.1" 200 1498
[01/Oct/2026 19:25:06] "GET /jobs/status HTTP/1.1" 200 1498
[01/Oct/2026 19:25:07] "GET /jobs/status HTTP/1.1" 200 1498
[01/Oct/2026 19:25:07] "GET /jobs/status HTTP/1.1" 200 1498
[01/Oct/2026 19:25:08] "GET /jobs/status HTTP/1.1" 200 1498
[01/Oct/2026 19:25:08] "GET /jobs/status HTTP/1.1" 200 1498
[01/Oct/2026 19:25:09] "GET /jobs/status HTTP/1.1" 200 1498
[01/Oct/2026 19:25:10] "GET /jobs/status HTTP/1.1" 200 1498
[01/Oct/2026 19:25:11] "GET /jobs/status HTTP/1.1" 200 1498
[01/Oct/2026 19:25:12] "GET /jobs/status HTTP/1.1" 200 1498
[01/Oct/2026 19:25:14] "GET /jobs/status HTTP/1.1" 200 1498
[01/Oct/2026 19:25:14] "GET /jobs/status HTTP/1.1" 200 1498
[01/Oct/2026 19:25:15] "GET /jobs/status HTTP/1.1" 200 1498
[01/Oct/2026 19:25:17] "GET /jobs/status HTTP/1.1" 200 1498
[01/Oct/2026 19:25:20] "GET /jobs/status HTTP/1.1" 200 1498
[01/Oct/2026 19:25:21] "GET /jobs/status HTTP/1.1" 200 1498
[01/Oct/2026 19:25:23] "GET /jobs/status HTTP/1.1" 200 1498
[01/Oct/2026 19:25:25] "GET /jobs/status HTTP/1.1" 200 1498
[01/Oct/2026 19:25:26] "GET /jobs/status HTTP/1.1" 200 1498
[01/Oct/2026 19:25:27] "GET /jobs/status HTTP/1.1" 200 1498
[01/Oct/2026 19:25:30] "GET /jobs/status HTTP/1.1" 200 1498
[01/Oct/2026 19:25:30] "GET /jobs/status HTTP/1.1" 200 1498
[01/Oct/2026 19:25:31] "GET /jobs/status HTTP/1.1" 200 1498
[01/Oct/2026 19:25:32] "GET /jobs/status HTTP/1.1" 200 1498
[01/Oct/2026 19:25:34] "GET /jobs/status HTTP/1.1" 200 1498
[01/Oct/2026 19:25:34] "GET /jobs/status HTTP/1.1" 200 1498
[01/Oct/2026 19:25:35] "GET /jobs/status HTTP/1.1" 200 1498
[01/Oct/2026 19:25:35] "GET /jobs/status HTTP/1.1" 200 1498
[01/Oct/2026 19:25:36] "GET /jobs/status HTTP/1.1" 200 1498
[01/Oct/2026 19:25:37] "GET /jobs/status HTTP/1.1" 200 1498
[01/Oct/2026 19:25:38] "GET /jobs/status HTTP/1.1" 200 1498
[01/Oct/2026 19:25:39] "GET /jobs/status HTTP/1.1" 200 1498
[01/Oct/2026 19:25:40] "GET /jobs/status HTTP/1.1" 200 1498
[01/Oct/2026 19:25:41] "GET /jobs/status HTTP/1.1" 200 1498
[01/Oct/2026 19:25:44] "GET /jobs/status HTTP/1.1" 200 1498
[01/Oct/2026 19:25:46] "GET /jobs/status HTTP/1.1" 200 1498
[01/Oct/2026 19:25:46] "GET /jobs/status HTTP/1.1" 200 1498
[01/Oct/2026 19:25:47] "GET /jobs/status HTTP/1.1" 200 1498
[01/Oct/2026 19:25:50] "GET /jobs/status HTTP/1.1" 200 1498
[01/Oct/2026 19:25:53] "GET /jobs/status HTTP/1.1" 200 1498
[01/Oct/2026 19:25:53] "GET /jobs/status HTTP/1.1" 200 1498
[01/Oct/2026 19:25:53] "GET /jobs/status HTTP/1.1" 200 1498
[01/Oct/2026 19:25:54] "GET /jobs/status HTTP/1.1" 200 1498
[01/Oct/2026 19:25:56] "GET /jobs/status HTTP/1.1" 200 1498
[01/Oct/2026 19:25:56] "GET /jobs/status HTTP/1.1" 200 1498
[01/Oct/2026 19:25:59] "GET /jobs/status HTTP/1.1" 200 1498
[01/Oct/2026 19:26:00] "GET /jobs/status HTTP/1.1" 200 1498
[01/Oct/2026 19:26:00] "GET /jobs/status HTTP/1.1" 200 1498
[01/Oct/2026 19:26:03] "GET /jobs/status HTTP/1.1" 200 1498
[01/Oct/2026 19:26:04] "GET /jobs/status HTTP/1.1" 200 1498
[01/Oct/2026 19:26:04] "GET /jobs/status HTTP/1.1" 200 1498
[01/Oct/2026 19:26:05] "GET /jobs/status HTTP/1.1" 200 1498
[01/Oct/2026 19:26:06] "GET /jobs/status HTTP/1.1" 200 1498
[01/Oct/2026 19:26:06] "GET /jobs/status HTTP/1.1" 200 1498
[01/Oct/2026 19:26:08] "GET /jobs/status HTTP/1.1" 200 1498
[01/Oct/2026 19:26:09] "GET /jobs/status HTTP/1.1" 200 1498
[01/Oct/2026 19:26:09] "GET /jobs/status HTTP/1.1" 200 1498
[01/Oct/2026 19:26:10] "GET /jobs/status HTTP/1.1" 200 1498
[01/Oct/2026 19:26:10] "GET /jobs/status HTTP/1.1" 200 1498
[01/Oct/2026 19:26:11] "GET /jobs/status HTTP/1.1" 200 1498
[01/Oct/2026 19:26:11] "GET /jobs/status HTTP/1.1" 200 1498
[01/Oct/2026 19:26:13] "GET /jobs/status HTTP/1.1" 200 1498
[01/Oct/2026 19:26:14] "GET /jobs/status HTTP/1.1" 200 1498
[01/Oct/2026 19:26:15] "GET /jobs/status HTTP/1.1" 200 1498
[01/Oct/2026 19:26:15] "GET /jobs/status HTTP/1.1" 200 1498
[01/Oct/2026 19:26:16] "GET /jobs/status HTTP/1.1" 200 1498
[01/Oct/2026 19:26:18] "GET /jobs/status HTTP/1.1" 200 1498
[01/Oct/2026 19:26:19] "GET /jobs/status HTTP/1.1" 200 1498
[01/Oct/2026 19:26:20] "GET /jobs/status HTTP/1.1" 200 1498
[01/Oct/2026 19:26:22] "GET /jobs/status HTTP/1.1" 200 1498
[01/Oct/2026 19:26:26] "GET /jobs/status HTTP/1.1" 200 1498
[01/Oct/2026 19:26:27] "GET /jobs/status HTTP/1.1" 200 1498
[01/Oct/2026 19:26:28] "GET /jobs/status HTTP/1.1" 200 1498
[01/Oct/2026 19:26:28] "GET /jobs/status HTTP/1.1" 200 1498
[01/Oct/2026 19:26:29] "GET /jobs/status HTTP/1.1" 200 1498
[01/Oct/2026 19:26:30] "GET /jobs/status HTTP/1.1" 200 1498
[01/Oct/2026 19:26:31] "GET /jobs/status HTTP/1.1" 200 1498
[01/Oct/2026 19:26:33] "GET /jobs/status HTTP/1.1" 200 1498
[01/Oct/2026 19:26:35] "GET /jobs/status HTTP/1.1" 200 1498
[01/Oct/2026 19:26:36] "GET /jobs/status HTTP/1.1" 200 1498
[01/Oct/2026 19:26:37] "GET /jobs/status HTTP/1.1" 200 1498
[01/Oct/2026 19:26:38] "GET /jobs/status HTTP/1.1" 200 1498
[01/Oct/2026 19:26:39] "GET /jobs/status HTTP/1.1" 200 1498
[01/Oct/2026 19:26:41] "GET /jobs/status HTTP/1.1" 200 1498
[01/Oct/2026 19:26:42] "GET /jobs/status HTTP/1.1" 200 1498
[01/Oct/2026 19:26:44] "GET /jobs/status HTTP/1.1" 200 1498
[01/Oct/2026 19:26:46] "GET /jobs/status HTTP/1.1" 200 1498
[01/Oct/2026 19:26:49] "GET /jobs/status HTTP/1.1" 200 1498
[01/Oct/2026 19:26:52] "GET /jobs/status HTTP/1.1" 200 1498
[01/Oct/2026 19:26:52] "GET /jobs/status HTTP/1.1" 200 1498
[01/Oct/2026 19:26:55] "GET /jobs/status HTTP/1.1" 200 1498
[01/Oct/2026 19:26:56] "GET /jobs/status HTTP/1.1" 200 1498
[01/Oct/2026 19:26:58] "GET /jobs/status HTTP/1.1" 200 1498
[01/Oct/2026 19:27:01] "GET /jobs/status HTTP/1.1" 200 1498
[01/Oct/2026 19:27:04] "GET /jobs/status HTTP/1.1" 200 1498
[01/Oct/2026 19:27:05] "GET /jobs/status HTTP/1.1" 200 1498
[01/Oct/2026 19:27:08] "GET /jobs/status HTTP/1.1" 200 1498
[01/Oct/2026 19:27:10] "GET /jobs/status HTTP/1.1" 200 1498
[01/Oct/2026 19:27:11] "GET /jobs/status HTTP/1.1" 200 1498
[01/Oct/2026 19:27:14] "GET /jobs/status HTTP/1.1" 200 1498
[01/Oct/2026 19:27:14] "GET /jobs/status HTTP/1.1" 200 1498
[01/Oct/2026 19:27:17] "GET /jobs/status HTTP/1.1" 200 1498
[01/Oct/2026 19:27:21] "GET /jobs/status HTTP/1.1" 200 1498
[01/Oct/2026 19:27:24] "GET /jobs/status HTTP/1.1" 200 1498
[01/Oct/2026 19:27:27] "GET /jobs/status HTTP/1.1" 200 1498
[01/Oct/2026 19:27:28] "GET /jobs/status HTTP/1.1" 200 1498
[01/Oct/2026 19:27:31] "GET /jobs/status HTTP/1.1" 200 1498
[01/Oct/2026 19:27:32] "GET /jobs/status HTTP/1.1" 200 1498
[01/Oct/2026 19:27:32] "GET /jobs/status HTTP/1.1" 200 1498
[01/Oct/2026 19:27:34] "GET /jobs/status HTTP/1.1" 200 1498
[01/Oct/2026 19:27:37] "GET /jobs/status HTTP/1.1" 200 1498
[01/Oct/2026 19:27:37] "GET /jobs/status HTTP/1.1" 200 1498
[01/Oct/2026 19:27:39] "GET /jobs/status HTTP/1.1" 200 1498
[01/Oct/2026 19:27:42] "GET /jobs/status HTTP/1.1" 200 1498
[01/Oct/2026 19:27:44] "GET /jobs/status HTTP/1.1" 200 1498
[01/Oct/2026 19:27:47] "GET /jobs/status HTTP/1.1" 200 1498
[01/Oct/2026 19:27:50] "GET /jobs/status HTTP/1.1" 200 1498
[01/Oct/2026 19:27:53] "GET /jobs/status HTTP/1.1" 200 1498
[01/Oct/2026 19:27:56] "GET /jobs/status HTTP/1.1" 200 1498
[01/Oct/2026 19:28:00] "GET /jobs/status HTTP/1.1" 200 1498
[01/Oct/2026 19:28:03] "GET /jobs/status HTTP/1.1" 200 1498
[01/Oct/2026 19:28:04] "GET /jobs/status HTTP/1.1" 200 1498
[01/Oct/2026 19:28:07] "GET /jobs/status HTTP/1.1" 200 1498
[01/Oct/2026 19:28:07] "GET /jobs/status HTTP/1.1" 200 1498
[01/Oct/2026 19:28:10] "GET /jobs/status HTTP/1.1" 200 1498
[01/Oct/2026 19:28:11] "GET /jobs/status HTTP/1.1" 200 1498
[01/Oct/2026 19:28:13] "GET /jobs/status HTTP/1.1" 200 1498
[01/Oct/2026 19:28:15] "GET /jobs/status HTTP/1.1" 200 1498
[01/Oct/2026 19:28:17] "GET /jobs/status HTTP/1.1" 200 1498
[01/Oct/2026 19:28:19] "GET /jobs/status HTTP/1.1" 200 1498
[01/Oct/2026 19:28:22] "GET /jobs/status HTTP/1.1" 200 1498
[01/Oct/2026 19:28:25] "GET /jobs/status HTTP/1.1" 200 1498
[01/Oct/2026 19:28:25] "GET /jobs/status HTTP/1.1" 200 1498
[01/Oct/2026 19:28:26] "GET /jobs/status HTTP/1.1" 200 1498
[01/Oct/2026 19:28:27] "GET /jobs/status HTTP/1.1" 200 1498
[01/Oct/2026 19:28:28] "GET /jobs/status HTTP/1.1" 200 1498
[01/Oct/2026 19:28:28] "GET /jobs/status HTTP/1.1" 200 1498
[01/Oct/2026 19:28:29] "GET /jobs/status HTTP/1.1" 200 1498
[01/Oct/2026 19:28:31] "GET /jobs/status HTTP/1.1" 200 1498
[01/Oct/2026 19:28:33] "GET /jobs/status HTTP/1.1" 200 1498
[01/Oct/2026 19:28:36] "GET /jobs/status HTTP/1.1" 200 1498
[01/Oct/2026 19:28:39] "GET /jobs/status HTTP/1.1" 200 1498
[01/Oct/2026 19:28:41] "GET /jobs/status HTTP/1.1" 200 1498
[01/Oct/2026 19:28:44] "GET /jobs/status HTTP/1.1" 200 1498
[01/Oct/2026 19:28:47] "GET /jobs/status HTTP/1.1" 200 1498
[01/Oct/2026 19:28:49] "GET /jobs/status HTTP/1.1" 200 1498
[01/Oct/2026 19:28:52] "GET /jobs/status HTTP/1.1" 200 1498
[01/Oct/2026 19:28:54] "GET /jobs/status HTTP/1.1" 200 1498
[01/Oct/2026 19:28:57] "GET /jobs/status HTTP/1.1" 200 1498
[01/Oct/2026 19:28:59] "GET /jobs/status HTTP/1.1" 200 1498
[01/Oct/2026 19:29:01] "GET /jobs/status HTTP/1.1" 200 1498
[01/Oct/2026 19:29:04] "GET /jobs/status HTTP/1.1" 200 1498
[01/Oct/2026 19:29:06] "GET /jobs/status HTTP/1.1" 200 1498
[01/Oct/2026 19:29:08] "GET /jobs/status HTTP/1.1" 200 1498
[01/Oct/2026 19:29:11] "GET /jobs/status HTTP/1.1" 200 1498
[01/Oct/2026 19:29:13] "GET /jobs/status HTTP/1.1" 200 1498
[01/Oct/2026 19:29:15] "GET /jobs/status HTTP/1.1" 200 1498
[01/Oct/2026 19:29:18] "GET /jobs/status HTTP/1.1" 200 1498
[01/Oct/2026 19:29:20] "GET /jobs/status HTTP/1.1" 200 1498
[01/Oct/2026 19:29:22] "GET /jobs/status HTTP/1.1" 200 1498
[01/Oct/2026 19:29:23] "GET /jobs/status HTTP/1.1" 200 1498
[01/Oct/2026 19:29:26] "GET /jobs/status HTTP/1.1" 200 1498
[01/Oct/2026 19:29:26] "GET /jobs/status HTTP/1.1" 200 1498
[01/Oct/2026 19:29:27] "GET /jobs/status HTTP/1.1" 200 1498
[01/Oct/2026 19:29:27] "GET /jobs/status HTTP/1.1" 200 1498
[01/Oct/2026 19:29:28] "GET /jobs/status HTTP/1.1" 200 1498
[01/Oct/2026 19:29:28] "GET /jobs/status HTTP/1.1" 200 1498
[01/Oct/2026 19:29:29] "GET /jobs/status HTTP/1.1" 200 1498
[01/Oct/2026 19:29:30] "GET /jobs/status HTTP/1.1" 200 1498
[01/Oct/2026 19:29:32] "GET /jobs/status HTTP/1.1" 200 1498
[01/Oct/2026 19:29:34] "GET /jobs/status HTTP/1.1" 200 1498
[01/Oct/2026 19:29:41] "GET /jobs/status HTTP/1.1" 200 1498
[01/Oct/2026 19:29:43] "GET /jobs/status HTTP/1.1" 200 1498
[01/Oct/2026 19:29:46] "GET /jobs/status HTTP/1.1" 200 1498
[01/Oct/2026 19:29:48] "GET /jobs/status HTTP/1.1" 200 1498
[01/Oct/2026 19:29:50] "GET /jobs/status HTTP/1.1" 200 1498
[01/Oct/2026 19:29:52] "GET /jobs/status HTTP/1.1" 200 1498
[01/Oct/2026 19:29:55] "GET /jobs/status HTTP/1.1" 200 1498
[01/Oct/2026 19:29:57] "GET /jobs/status HTTP/1.1" 200 1498
[01/Oct/2026 19:29:59] "GET /jobs/status HTTP/1.1" 200 1498
[01/Oct/2026 19:30:02] "GET /jobs/status HTTP/1.1" 200 1498
[01/Oct/2026 19:30:04] "GET /jobs/status HTTP/1.1" 200 1498
[01/Oct/2026 19:30:06] "GET /jobs/status HTTP/1.1" 200 1498
[01/Oct/2026 19:30:08] "GET /jobs/status HTTP/1.1" 200 1498
[01/Oct/2026 19:30:10] "GET /jobs/status HTTP/1.1" 200 1498
[01/Oct/2026 19:30:12] "GET /jobs/status HTTP/1.1" 200 1498
[01/Oct/2026 19:30:16] "GET /jobs/status HTTP/1.1" 200 1498
[01/Oct/2026 19:30:18] "GET /jobs/status HTTP/1.1" 200 1498
[01/Oct/2026 19:30:21] "GET /jobs/status HTTP/1.1" 200 1498
[01/Oct/2026 19:30:23] "GET /jobs/status HTTP/1.1" 200 1498
[01/Oct/2026 19:30:26] "GET /jobs/status HTTP/1.1" 200 1498
[01/Oct/2026 19:30:26] "GET /jobs/status HTTP/1.1" 200 1498
[01/Oct/2026 19:30:29] "GET /jobs/status HTTP/1.1" 200 1498
[01/Oct/2026 19:30:29] "GET /jobs/status HTTP/1.1" 200 1498
[01/Oct/2026 19:30:35] "GET /jobs/status HTTP/1.1" 200 1498
[01/Oct/2026 19:30:37] "GET /jobs/status HTTP/1.1" 200 1498
[01/Oct/2026 19:30:39] "GET /jobs/status HTTP/1.1" 200 1498
[01/Oct/2026 19:30:42] "GET /jobs/status HTTP/1.1" 200 1498
[01/Oct/2026 19:30:48] "GET /jobs/status HTTP/1.1" 200 1498
[01/Oct/2026 19:30:50] "GET /jobs/status HTTP/1.1" 200 1498
[01/Oct/2026 19:30:52] "GET /jobs/status HTTP/1.1" 200 1498
[01/Oct/2026 19:30:55] "GET /jobs/status HTTP/1.1" 200 1498
[01/Oct/2026 19:30:57] "GET /jobs/status HTTP/1.1" 200 1498
[01/Oct/2026 19:30:59] "GET /jobs/status HTTP/1.1" 200 1498
[01/Oct/2026 19:31:02] "GET /jobs/status HTTP/1.1" 200 1498
[01/Oct/2026 19:31:04] "GET /jobs/status HTTP/1.1" 200 1498
[01/Oct/2026 19:31:06] "GET /jobs/status HTTP/1.1" 200 1498
[01/Oct/2026 19:31:09] "GET /jobs/status HTTP/1.1" 200 1498
[01/Oct/2026 19:31:11] "GET /jobs/status HTTP/1.1" 200 1498
[01/Oct/2026 19:31:14] "GET /jobs/status HTTP/1.1" 200 1498
[01/Oct/2026 19:31:17] "GET /jobs/status HTTP/1.1" 200 1498
[01/Oct/2026 19:31:19] "GET /jobs/status HTTP/1.1" 200 1498
[01/Oct/2026 19:31:21] "GET /jobs/status HTTP/1.1" 200 1498
[01/Oct/2026 19:31:24] "GET /jobs/status HTTP/1.1" 200 1498
[01/Oct/2026 19:31:26] "GET /jobs/status HTTP/1.1" 200 1498
[01/Oct/2026 19:31:28] "GET /jobs/status HTTP/1.1" 200 1498
[01/Oct/2026 19:31:29] "GET /jobs/status HTTP/1.1" 200 1498
[01/Oct/2026 19:31:30] "GET /jobs/status HTTP/1.1" 200 1498
[01/Oct/2026 19:31:32] "GET /jobs/status HTTP/1.1" 200 1498
[01/Oct/2026 19:31:35] "GET /jobs/status HTTP/1.1" 200 1498
[01/Oct/2026 19:31:35] "GET /jobs/status HTTP/1.1" 200 1498
[01/Oct/2026 19:31:39] "GET /jobs/status HTTP/1.1" 200 1498
[01/Oct/2026 19:31:39] "GET /jobs/status HTTP/1.1" 200 1498
[01/Oct/2026 19:31:40] "GET /jobs/status HTTP/1.1" 200 1498
[01/Oct/2026 19:31:41] "GET /jobs/status HTTP/1.1" 200 1498
[01/Oct/2026 19:31:43] "GET /jobs/status HTTP/1.1" 200 1498
[01/Oct/2026 19:31:46] "GET /jobs/status HTTP/1.1" 200 1498
[01/Oct/2026 19:31:47] "GET /jobs/status HTTP/1.1" 200 1498
[01/Oct/2026 19:31:55] "GET /jobs/status HTTP/1.1" 200 1498
[01/Oct/2026 19:31:57] "GET /jobs/status HTTP/1.1" 200 1498
[01/Oct/2026 19:32:00] "GET /jobs/status HTTP/1.1" 200 1498
[01/Oct/2026 19:32:02] "GET /jobs/status HTTP/1.1" 200 1498
[01/Oct/2026 19:32:04] "GET /jobs/status HTTP/1.1" 200 1498
[01/Oct/2026 19:32:06] "GET /jobs/status HTTP/1.1" 200 1498
[01/Oct/2026 19:32:08] "GET /jobs/status HTTP/1.1" 200 1498
[01/Oct/2026 19:32:11] "GET /jobs/status HTTP/1.1" 200 1498
[01/Oct/2026 19:32:13] "GET /jobs/status HTTP/1.1" 200 1498
[01/Oct/2026 19:32:15] "GET /jobs/status HTTP/1.1" 200 1498
[01/Oct/2026 19:32:17] "GET /jobs/status HTTP/1.1" 200 1498
[01/Oct/2026 19:32:20] "GET /jobs/status HTTP/1.1" 200 1498
[01/Oct/2026 19:32:22] "GET /jobs/status HTTP/1.1" 200 1498
[01/Oct/2026 19:32:24] "GET /jobs/status HTTP/1.1" 200 1498
[01/Oct/2026 19:32:26] "GET /jobs/status HTTP/1.1" 200 1498
[01/Oct/2026 19:32:27] "GET /jobs/status HTTP/1.1" 200 1498
[01/Oct/2026 19:32:29] "GET /jobs/status HTTP/1.1" 200 1498
[01/Oct/2026 19:32:30] "GET /jobs/status HTTP/1.1" 200 1498
[01/Oct/2026 19:32:32] "GET /jobs/status HTTP/1.1" 200 1498
[01/Oct/2026 19:32:35] "GET /jobs/status HTTP/1.1" 200 1498
[01/Oct/2026 19:32:36] "GET /jobs/status HTTP/1.1" 200 1498
[01/Oct/2026 19:32:38] "GET /jobs/status HTTP/1.1" 200 1498
[01/Oct/2026 19:32:39] "GET /jobs/status HTTP/1.1" 200 1498
[01/Oct/2026 19:32:41] "GET /jobs/status HTTP/1.1" 200 1498
[01/Oct/2026 19:32:42] "GET /jobs/status HTTP/1.1" 200 1498
[01/Oct/2026 19:32:44] "GET /jobs/status HTTP/1.1" 200 1498
[01/Oct/2026 19:32:45] "GET /jobs/status HTTP/1.1" 200 1498
[01/Oct/2026 19:32:48] "GET /jobs/status HTTP/1.1" 200 1498
[01/Oct/2026 19:32:48] "GET /jobs/status HTTP/1.1" 200 1498
[01/Oct/2026 19:32:51] "GET /jobs/status HTTP/1.1" 200 1498
[01/Oct/2026 19:32:52] "GET /jobs/status HTTP/1.1" 200 1498
[01/Oct/2026 19:32:55] "GET /jobs/status HTTP/1.1" 200 1498
[01/Oct/2026 19:32:55] "GET /jobs/status HTTP/1.1" 200 1498
[01/Oct/2026 19:32:58] "GET /jobs/status HTTP/1.1" 200 1498
[01/Oct/2026 19:32:58] "GET /jobs/status HTTP/1.1" 200 1498
[01/Oct/2026 19:33:01] "GET /jobs/status HTTP/1.1" 200 1498
[01/Oct/2026 19:33:02] "GET /jobs/status HTTP/1.1" 200 1498
[01/Oct/2026 19:33:04] "GET /jobs/status HTTP/1.1" 200 1498
[01/Oct/2026 19:33:05] "GET /jobs/status HTTP/1.1" 200 1498
[01/Oct/2026 19:33:08] "GET /jobs/status HTTP/1.1" 200 1498
[01/Oct/2026 19:33:09] "GET /jobs/status HTTP/1.1" 200 1498
[01/Oct/2026 19:33:11] "GET /jobs/status HTTP/1.1" 200 1498
[01/Oct/2026 19:33:12] "GET /jobs/status HTTP/1.1" 200 1498
[01/Oct/2026 19:33:14] "GET /jobs/status HTTP/1.1" 200 1498
[01/Oct/2026 19:33:15] "GET /jobs/status HTTP/1.1" 200 1498
[01/Oct/2026 19:33:16] "GET /jobs/status HTTP/1.1" 200 1498
[01/Oct/2026 19:33:18] "GET /jobs/status HTTP/1.1" 200 1498
[01/Oct/2026 19:33:18] "GET /jobs/status HTTP/1.1" 200 1498
[01/Oct/2026 19:33:21] "GET /jobs/status HTTP/1.1" 200 1498
[01/Oct/2026 19:33:21] "GET /jobs/status HTTP/1.1" 200 1498
[01/Oct/2026 19:33:22] "GET /jobs/status HTTP/1.1" 200 1498
[01/Oct/2026 19:33:23] "GET /jobs/status HTTP/1.1" 200 1498
[01/Oct/2026 19:33:25] "GET /jobs/status HTTP/1.1" 200 1498
[01/Oct/2026 19:33:26] "GET /jobs/status HTTP/1.1" 200 1498
[01/Oct/2026 19:33:28] "GET /jobs/status HTTP/1.1" 200 1498
[01/Oct/2026 19:33:28] "GET /jobs/status HTTP/1.1" 200 1498
[01/Oct/2026 19:33:29] "GET /jobs/status HTTP/1.1" 200 1498
[01/Oct/2026 19:33:32] "GET /jobs/status HTTP/1.1" 200 1498
[01/Oct/2026 19:33:32] "GET /jobs/status HTTP/1.1" 200 1498
[01/Oct/2026 19:33:33] "GET /jobs/status HTTP/1.1" 200 1498
[01/Oct/2026 19:33:33] "GET /jobs/status HTTP/1.1" 200 1498
[01/Oct/2026 19:33:36] "GET /jobs/status HTTP/1.1" 200 1498
[01/Oct/2026 19:33:36] "GET /jobs/status HTTP/1.1" 200 1498
[01/Oct/2026 19:33:36] "GET /jobs/status HTTP/1.1" 200 1498
[01/Oct/2026 19:33:36] "GET /jobs/status HTTP/1.1" 200 1498
[01/Oct/2026 19:33:39] "GET /jobs/status HTTP/1.1" 200 1498
[01/Oct/2026 19:33:40] "GET /jobs/status HTTP/1.1" 200 1498
[01/Oct/2026 19:33:42] "GET /jobs/status HTTP/1.1" 200 1498
[01/Oct/2026 19:33:42] "GET /jobs/status HTTP/1.1" 200 1498
[01/Oct/2026 19:33:43] "GET /jobs/status HTTP/1.1" 200 1498
[01/Oct/2026 19:33:44] "GET /jobs/status HTTP/1.1" 200 1498
[01/Oct/2026 19:33:46] "GET /jobs/status HTTP/1.1" 200 1498
[01/Oct/2026 19:33:47] "GET /jobs/status HTTP/1.1" 200 1498
[01/Oct/2026 19:33:47] "GET /jobs/status HTTP/1.1" 200 1498
[01/Oct/2026 19:33:47] "GET /jobs/status HTTP/1.1" 200 1498
[01/Oct/2026 19:33:48] "GET /jobs/status HTTP/1.1" 200 1498
[01/Oct/2026 19:33:51] "GET /jobs/status HTTP/1.1" 200 1498
[01/Oct/2026 19:33:51] "GET /jobs/status HTTP/1.1" 200 1498
[01/Oct/2026 19:33:52] "GET /jobs/status HTTP/1.1" 200 1498
[01/Oct/2026 19:33:52] "GET /jobs/status HTTP/1.1" 200 1498
[01/Oct/2026 19:33:53] "GET /jobs/status HTTP/1.1" 200 1498
[01/Oct/2026 19:33:54] "GET /jobs/status HTTP/1.1" 200 1498
[01/Oct/2026 19:33:55] "GET /jobs/status HTTP/1.1" 200 1498
[01/Oct/2026 19:33:56] "GET /jobs/status HTTP/1.1" 200 1498
[01/Oct/2026 19:33:56] "GET /jobs/status HTTP/1.1" 200 1498
[01/Oct/2026 19:33:58] "GET /jobs/status HTTP/1.1" 200 1498
[01/Oct/2026 19:33:59] "GET /jobs/status HTTP/1.1" 200 1498
[01/Oct/2026 19:33:59] "GET /jobs/status HTTP/1.1" 200 1498
[01/Oct/2026 19:34:02] "GET /jobs/status HTTP/1.1" 200 1498
[01/Oct/2026 19:34:02] "GET /jobs/status HTTP/1.1" 200 1498
[01/Oct/2026 19:34:03] "GET /jobs/status HTTP/1.1" 200 1498
[01/Oct/2026 19:34:03] "GET /jobs/status HTTP/1.1" 200 1498
[01/Oct/2026 19:34:06] "GET /jobs/status HTTP/1.1" 200 1498
[01/Oct/2026 19:34:06] "GET /jobs/status HTTP/1.1" 200 1498
[01/Oct/2026 19:34:06] "GET /jobs/status HTTP/1.1" 200 1498
[01/Oct/2026 19:34:08] "GET /jobs/status HTTP/1.1" 200 1498
[01/Oct/2026 19:34:09] "GET /jobs/status HTTP/1.1" 200 1498
[01/Oct/2026 19:34:10] "GET /jobs/status HTTP/1.1" 200 1498
[01/Oct/2026 19:34:12] "GET /jobs/status HTTP/1.1" 200 1498
[01/Oct/2026 19:34:13] "GET /jobs/status HTTP/1.1" 200 1498
[01/Oct/2026 19:34:13] "GET /jobs/status HTTP/1.1" 200 1498
[01/Oct/2026 19:34:14] "GET /jobs/status HTTP/1.1" 200 1498
[01/Oct/2026 19:34:16] "GET /jobs/status HTTP/1.1" 200 1498
[01/Oct/2026 19:34:17] "GET /jobs/status HTTP/1.1" 200 1498
[01/Oct/2026 19:34:17] "GET /jobs/status HTTP/1.1" 200 1498
[01/Oct/2026 19:34:17] "GET /jobs/status HTTP/1.1" 200 1498
[01/Oct/2026 19:34:21] "GET /jobs/status HTTP/1.1" 200 1498
[01/Oct/2026 19:34:21] "GET /jobs/status HTTP/1.1" 200 1498
[01/Oct/2026 19:34:21] "GET /jobs/status HTTP/1.1" 200 1498
[01/Oct/2026 19:34:23] "GET /jobs/status HTTP/1.1" 200 1498
[01/Oct/2026 19:34:25] "GET /jobs/status HTTP/1.1" 200 1498
[01/Oct/2026 19:34:25] "GET /jobs/status HTTP/1.1" 200 1498
[01/Oct/2026 19:34:25] "GET /jobs/status HTTP/1.1" 200 1498
[01/Oct/2026 19:34:27] "GET /jobs/status HTTP/1.1" 200 1498
[01/Oct/2026 19:34:29] "GET /jobs/status HTTP/1.1" 200 1498
[01/Oct/2026 19:34:29] "GET /jobs/status HTTP/1.1" 200 1498
[01/Oct/2026 19:34:29] "GET /jobs/status HTTP/1.1" 200 1498
[01/Oct/2026 19:34:31] "GET /jobs/status HTTP/1.1" 200 1498
[01/Oct/2026 19:34:33] "GET /jobs/status HTTP/1.1" 200 1498
[01/Oct/2026 19:34:33] "GET /jobs/status HTTP/1.1" 200 1498
[01/Oct/2026 19:34:34] "GET /jobs/status HTTP/1.1" 200 1498
[01/Oct/2026 19:34:35] "GET /jobs/status HTTP/1.1" 200 1498
[01/Oct/2026 19:34:37] "GET /jobs/status HTTP/1.1" 200 1498
[01/Oct/2026 19:34:37] "GET /jobs/status HTTP/1.1" 200 1498
[01/Oct/2026 19:34:38] "GET /jobs/status HTTP/1.1" 200 1498
[01/Oct/2026 19:34:39] "GET /jobs/status HTTP/1.1" 200 1498
[01/Oct/2026 19:34:41] "GET /jobs/status HTTP/1.1" 200 1498
[01/Oct/2026 19:34:41] "GET /jobs/status HTTP/1.1" 200 1498
[01/Oct/2026 19:34:41] "GET /jobs/status HTTP/1.1" 200 1498
[01/Oct/2026 19:34:43] "GET /jobs/status HTTP/1.1" 200 1498
[01/Oct/2026 19:34:45] "GET /jobs/status HTTP/1.1" 200 1498
[01/Oct/2026 19:34:45] "GET /jobs/status HTTP/1.1" 200 1498
[01/Oct/2026 19:34:45] "GET /jobs/status HTTP/1.1" 200 1498
[01/Oct/2026 19:34:47] "GET /jobs/status HTTP/1.1" 200 1498
[01/Oct/2026 19:34:47] "GET /jobs/status HTTP/1.1" 200 1498
[01/Oct/2026 19:34:48] "GET /jobs/status HTTP/1.1" 200 1498
[01/Oct/2026 19:34:48] "GET /jobs/status HTTP/1.1" 200 1498
[01/Oct/2026 19:34:49] "GET /jobs/status HTTP/1.1" 200 1498
[01/Oct/2026 19:34:51] "GET /jobs/status HTTP/1.1" 200 1498
[01/Oct/2026 19:34:52] "GET /jobs/status HTTP/1.1" 200 1498
[01/Oct/2026 19:34:53] "GET /jobs/status HTTP/1.1" 200 1498
[01/Oct/2026 19:34:54] "GET /jobs/status HTTP/1.1" 200 1498
[01/Oct/2026 19:34:55] "GET /jobs/status HTTP/1.1" 200 1498
[01/Oct/2026 19:34:55] "GET /jobs/status HTTP/1.1" 200 1498
[01/Oct/2026 19:34:56] "GET /jobs/status HTTP/1.1" 200 1498
[01/Oct/2026 19:34:59] "GET /jobs/status HTTP/1.1" 200 1498
[01/Oct/2026 19:34:59] "GET /jobs/status HTTP/1.1" 200 1498
[01/Oct/2026 19:34:59] "GET /jobs/status HTTP/1.1" 200 1498
[01/Oct/2026 19:35:00] "GET /jobs/status HTTP/1.1" 200 1498
[01/Oct/2026 19:35:03] "GET /jobs/status HTTP/1.1" 200 1498
[01/Oct/2026 19:35:03] "GET /jobs/status HTTP/1.1" 200 1498
[01/Oct/2026 19:35:04] "GET /jobs/status HTTP/1.1" 200 1498
[01/Oct/2026 19:35:05] "GET /jobs/status HTTP/1.1" 200 1498
[01/Oct/2026 19:35:06] "GET /jobs/status HTTP/1.1" 200 1498
[01/Oct/2026 19:35:06] "GET /jobs/status HTTP/1.1" 200 1498
[01/Oct/2026 19:35:07] "GET /jobs/status HTTP/1.1" 200 1498
[01/Oct/2026 19:35:09] "GET /jobs/status HTTP/1.1" 200 1498
[01/Oct/2026 19:35:10] "GET /jobs/status HTTP/1.1" 200 1498
[01/Oct/2026 19:35:11] "GET /jobs/status HTTP/1.1" 200 1498
[01/Oct/2026 19:35:11] "GET /jobs/status HTTP/1.1" 200 1498
[01/Oct/2026 19:35:14] "GET /jobs/status HTTP/1.1" 200 1498
[01/Oct/2026 19:35:15] "GET /jobs/status HTTP/1.1" 200 1498
[01/Oct/2026 19:35:15] "GET /jobs/status HTTP/1.1" 200 1498
[01/Oct/2026 19:35:15] "GET /jobs/status HTTP/1.1" 200 1498
[01/Oct/2026 19:35:18] "GET /jobs/status HTTP/1.1" 200 1498
[01/Oct/2026 19:35:18] "GET /jobs/status HTTP/1.1" 200 1498
[01/Oct/2026 19:35:19] "GET /jobs/status HTTP/1.1" 200 1498
[01/Oct/2026 19:35:19] "GET /jobs/status HTTP/1.1" 200 1498
[01/Oct/2026 19:35:20] "GET /jobs/status HTTP/1.1" 200 1498
[01/Oct/2026 19:35:22] "GET /jobs/status HTTP/1.1" 200 1498
[01/Oct/2026 19:35:22] "GET /jobs/status HTTP/1.1" 200 1498
[01/Oct/2026 19:35:25] "GET /jobs/status HTTP/1.1" 200 1498
[01/Oct/2026 19:35:27] "GET /jobs/status HTTP/1.1" 200 1498
[01/Oct/2026 19:35:29] "GET /jobs/status HTTP/1.1" 200 1498
[01/Oct/2026 19:35:30] "GET /jobs/status HTTP/1.1" 200 1498
[01/Oct/2026 19:35:30] "GET /jobs/status HTTP/1.1" 200 1498
[01/Oct/2026 19:35:31] "GET /jobs/status HTTP/1.1" 200 1498
[01/Oct/2026 19:35:33] "GET /jobs/status HTTP/1.1" 200 1498
[01/Oct/2026 19:35:36] "GET /jobs/status HTTP/1.1" 200 1498
[01/Oct/2026 19:35:37] "GET /jobs/status HTTP/1.1" 200 1498
[01/Oct/2026 19:35:37] "GET /jobs/status HTTP/1.1" 200 1498
[01/Oct/2026 19:35:39] "GET /jobs/status HTTP/1.1" 200 1498
[01/Oct/2026 19:35:42] "GET /jobs/status HTTP/1.1" 200 1498
[01/Oct/2026 19:35:45] "GET /jobs/status HTTP/1.1" 200 1498
[01/Oct/2026 19:35:48] "GET /jobs/status HTTP/1.1" 200 1498
[01/Oct/2026 19:35:49] "GET /jobs/status HTTP/1.1" 200 1498
[01/Oct/2026 19:35:52] "GET /jobs/status HTTP/1.1" 200 1498
[01/Oct/2026 19:35:54] "GET /jobs/status HTTP/1.1" 200 1498
[01/Oct/2026 19:35:55] "GET /jobs/status HTTP/1.1" 200 1498
[01/Oct/2026 19:35:58] "GET /jobs/status HTTP/1.1" 200 1498
[01/Oct/2026 19:35:58] "GET /jobs/status HTTP/1.1" 200 1498
[01/Oct/2026 19:36:01] "GET /jobs/status HTTP/1.1" 200 1498
[01/Oct/2026 19:36:04] "GET /jobs/status HTTP/1.1" 200 1498
[01/Oct/2026 19:36:06] "GET /jobs/status HTTP/1.1" 200 1498
[01/Oct/2026 19:36:07] "GET /jobs/status HTTP/1.1" 200 1498
[01/Oct/2026 19:36:10] "GET /jobs/status HTTP/1.1" 200 1498
[01/Oct/2026 19:36:10] "GET /jobs/status HTTP/1.1" 200 1498
[01/Oct/2026 19:36:13] "GET /jobs/status HTTP/1.1" 200 1498
[01/Oct/2026 19:36:15] "GET /jobs/status HTTP/1.1" 200 1498
[01/Oct/2026 19:36:17] "GET /jobs/status HTTP/1.1" 200 1498
[01/Oct/2026 19:36:21] "GET /jobs/status HTTP/1.1" 200 1498
[01/Oct/2026 19:36:24] "GET /jobs/status HTTP/1.1" 200 1498
[01/Oct/2026 19:36:26] "GET /jobs/status HTTP/1.1" 200 1498
[01/Oct/2026 19:36:27] "GET /jobs/status HTTP/1.1" 200 1498
[01/Oct/2026 19:36:29] "GET /jobs/status HTTP/1.1" 200 1498
[01/Oct/2026 19:36:30] "GET /jobs/status HTTP/1.1" 200 1498
[01/Oct/2026 19:36:33] "GET /jobs/status HTTP/1.1" 200 1498
[01/Oct/2026 19:36:36] "GET /jobs/status HTTP/1.1" 200 1498
[01/Oct/2026 19:36:39] "GET /jobs/status HTTP/1.1" 200 1498
[01/Oct/2026 19:36:39] "GET /jobs/status HTTP/1.1" 200 1498
[01/Oct/2026 19:36:42] "GET /jobs/status HTTP/1.1" 200 1498
